{
  "@context": [
    "https://w3id.org/identity/v1",
    "https://www.w3.org/ns/activitystreams",
    "https://w3id.org/security/v1",
    "https://w3id.org/security/data-integrity/v1",
    "https://www.w3.org/ns/did/v1",
    "https://w3id.org/security/multikey/v1",
    {
      "ChatMessage": "http://litepub.social/ns#ChatMessage",
      "Emoji": "toot:Emoji",
      "Hashtag": "as:Hashtag",
      "PropertyValue": "schema:PropertyValue",
      "_misskey_followedMessage": "misskey:_misskey_followedMessage",
      "_misskey_quote": "misskey:_misskey_quote",
      "alsoKnownAs": {
        "@id": "as:alsoKnownAs",
        "@type": "@id",
      },
      "discoverable": "toot:discoverable",
      "emojiReactions": {
        "@id": "fedibird:emojiReactions",
        "@type": "@id",
      },
      "featured": {
        "@id": "toot:featured",
        "@type": "@id",
      },
      "featuredTags": {
        "@id": "toot:featuredTags",
        "@type": "@id",
      },
      "fedibird": "http://fedibird.com/ns#",
      "indexable": "toot:indexable",
      "isCat": "misskey:isCat",
      "manuallyApprovesFollowers": "as:manuallyApprovesFollowers",
      "memorial": "toot:memorial",
      "misskey": "https://misskey-hub.net/ns#",
      "movedTo": {
        "@id": "as:movedTo",
        "@type": "@id",
      },
      "quoteUri": "fedibird:quoteUri",
      "quoteUrl": "as:quoteUrl",
      "schema": "http://schema.org#",
      "sensitive": "as:sensitive",
      "suspended": "toot:suspended",
      "toot": "http://joinmastodon.org/ns#",
      "value": "schema:value",
      "votersCount": {
        "@id": "toot:votersCount",
        "@type": "http://www.w3.org/2001/XMLSchema#nonNegativeInteger",
      },
    },
  ],
  "actor": "https://example.com/user/foo",
  "cc": "https://example.com/user/foo/followers",
  "id": "https://example.com/update/cb1e7e92-5560-4ceb-9272-7e9d0e2a7da4",
  "object": {
    "attributedTo": "https://example.com/user/foo",
    "cc": "https://example.com/user/foo/followers",
    "content": "Updated post content",
    "id": "https://example.com/article/post-123",
    "image": "https://example.com/img/post-123_updated_feature.jpg",
    "name": "Updated post title",
    "preview": {
      "content": "Updated post excerpt",
      "id": "https://example.com/note/post-123",
      "type": "Note",
    },
    "published": "2025-01-12T10:30:00Z",
    "to": "as:Public",
    "type": "Article",
    "updated": "2025-01-12T10:30:00Z",
    "url": "https://example.com/post/post-123",
  },
  "to": "as:Public",
  "type": "Update",
}