{
  "@context": [
    "https://www.w3.org/ns/activitystreams",
    "https://w3id.org/security/data-integrity/v1",
    {
      "Emoji": "toot:Emoji",
      "Hashtag": "as:Hashtag",
      "_misskey_quote": "misskey:_misskey_quote",
      "emojiReactions": {
        "@id": "fedibird:emojiReactions",
        "@type": "@id",
      },
      "fedibird": "http://fedibird.com/ns#",
      "misskey": "https://misskey-hub.net/ns#",
      "quoteUri": "fedibird:quoteUri",
      "quoteUrl": "as:quoteUrl",
      "sensitive": "as:sensitive",
      "toot": "http://joinmastodon.org/ns#",
    },
  ],
  "attachment": {
    "name": "alt text for image",
    "type": "Image",
    "url": "https://example.com/images/test.jpg",
  },
  "attributedTo": "https://example.com/user/foo",
  "cc": "https://example.com/user/foo/followers",
  "content": "Note with image",
  "id": "https://example.com/note/post-123",
  "published": "2025-01-17T10:30:00Z",
  "to": "as:Public",
  "type": "Note",
}
