{
  "next": null,
  "posts": [
    {
      "attachments": [
        {
          "mediaType": "image/jpeg",
          "name": "test.jpg",
          "type": "Image",
          "url": "https://example.com/test.jpg",
        },
        {
          "mediaType": "image/jpeg",
          "name": "test1.jpg",
          "type": "Image",
          "url": "https://example.com/test1.jpg",
        },
      ],
      "author": {
        "avatarUrl": "",
        "handle": "@foobar@example.com",
        "id": "987",
        "name": "Foo Bar",
        "url": "https://example.com/foobar",
      },
      "content": "Content 789",
      "excerpt": "Excerpt 789",
      "featureImageUrl": "https://example.com/images/post-789.png",
      "id": "https://example.com/.activitypub/post/post-789",
      "likeCount": 1,
      "likedByMe": false,
      "publishedAt": "2025-02-24T16:40:00.000Z",
      "readingTimeMinutes": 3,
      "replyCount": 2,
      "repostCount": 4,
      "repostedBy": null,
      "repostedByMe": false,
      "title": "Post 789",
      "type": 1,
      "url": "https://example.com/post-789",
    },
    {
      "attachments": [],
      "author": {
        "avatarUrl": "",
        "handle": "@foobar@example.com",
        "id": "987",
        "name": "Foo Bar",
        "url": "https://example.com/foobar",
      },
      "content": "Content 790",
      "excerpt": "Excerpt 790",
      "featureImageUrl": "https://example.com/images/post-790.png",
      "id": "https://example.com/.activitypub/post/post-790",
      "likeCount": 0,
      "likedByMe": false,
      "publishedAt": "2025-02-24T16:40:00.000Z",
      "readingTimeMinutes": 2,
      "replyCount": 1,
      "repostCount": 3,
      "repostedBy": {
        "avatarUrl": "https://example.com/images/bazqux.png",
        "handle": "@bazqux@example.com",
        "id": "654",
        "name": "Baz Qux",
        "url": "https://example.com/bazqux",
      },
      "repostedByMe": true,
      "title": "Post 790",
      "type": 1,
      "url": "https://example.com/post-790",
    },
  ],
}