{
  "attachments": [],
  "author": {
    "avatarUrl": "https://example.com/avatars/foobar.png",
    "handle": "@foobar@example.com",
    "id": "https://example.com/users/456",
    "name": "Foo Bar",
    "url": "https://example.com/users/456",
  },
  "authoredByMe": true,
  "content": "Test Post 789 Content",
  "excerpt": "Test Post 789 Excerpt",
  "featureImageUrl": "https://example.com/images/post-789.jpg",
  "id": "http://example.com/.ghost/activitypub/article/259e92cb-5ac2-4d62-910f-ddea29b2cf55",
  "likeCount": 0,
  "likedByMe": false,
  "metadata": {
    "ghostAuthors": [],
  },
  "publishedAt": "2025-03-25T14:00:00.000Z",
  "readingTimeMinutes": 1,
  "replyCount": 2,
  "repostCount": 0,
  "repostedBy": null,
  "repostedByMe": false,
  "title": "Test Post 789",
  "type": 1,
  "url": "https://example.com/posts/789",
}
