{
    "posts": [
        {
            "id": "https://example.com/.activitypub/post/post-790",
            "type": "Article",
            "title": "Liked Post 790",
            "excerpt": "Excerpt 790",
            "content": "Content 790",
            "url": "https://example.com/post-790",
            "featureImageUrl": "https://example.com/images/post-790.png",
            "publishedAt": "2025-02-24T16:40:00.000Z",
            "likeCount": 1,
            "likedByMe": true,
            "replyCount": 2,
            "readingTimeMinutes": 3,
            "attachments": [],
            "author": {
                "id": "987",
                "handle": "foobar@example.com",
                "name": "Foo Bar",
                "url": "https://example.com/foobar",
                "avatarUrl": null
            },
            "authoredByMe": false,
            "repostCount": 4,
            "repostedByMe": false,
            "repostedBy": null
        }
    ],
    "next": null
} 