{
  "posts": [
    {
      "attachments": [],
      "author": {
        "avatarUrl": "https://example.com/avatars/foobar.png",
        "handle": "@foobar@example.com",
        "id": "https://example.com/users/456",
        "name": "Foo Bar",
        "url": "https://example.com/users/456",
      },
      "content": "Test Post 123 Content",
      "excerpt": "Test Post 123 Excerpt",
      "featureImageUrl": "https://example.com/images/post-123.jpg",
      "id": "https://example.com/.ghost/activitypub/article/259e92cb-5ac2-4d62-910f-ddea29b2cf55",
      "likeCount": 0,
      "likedByMe": false,
      "publishedAt": "2025-02-27T15:40:00.000Z",
      "readingTimeMinutes": 1,
      "replyCount": 2,
      "repostCount": 0,
      "repostedBy": null,
      "repostedByMe": false,
      "title": "Test Post 123",
      "type": 1,
      "url": "https://example.com/posts/123",
    },
    {
      "attachments": [],
      "author": {
        "avatarUrl": "https://example.com/avatars/foobar.png",
        "handle": "@foobar@example.com",
        "id": "https://example.com/users/456",
        "name": "Foo Bar",
        "url": "https://example.com/users/456",
      },
      "content": "Test Post 456 Content",
      "excerpt": "Test Post 456 Excerpt",
      "featureImageUrl": "https://example.com/images/post-456.jpg",
      "id": "https://example.com/.ghost/activitypub/article/9ac8f7cd-77e8-4abe-b075-e008bd24f3c5",
      "likeCount": 0,
      "likedByMe": true,
      "publishedAt": "2025-02-27T15:40:00.000Z",
      "readingTimeMinutes": 1,
      "replyCount": 0,
      "repostCount": 0,
      "repostedBy": null,
      "repostedByMe": false,
      "title": "Test Post 456 (reply to Test Post 123)",
      "type": 1,
      "url": "https://example.com/posts/456",
    },
    {
      "attachments": [],
      "author": {
        "avatarUrl": "https://example.com/avatars/foobar.png",
        "handle": "@foobar@example.com",
        "id": "https://example.com/users/456",
        "name": "Foo Bar",
        "url": "https://example.com/users/456",
      },
      "content": "Test Post 789 Content",
      "excerpt": "Test Post 789 Excerpt",
      "featureImageUrl": "https://example.com/images/post-789.jpg",
      "id": "https://example.com/.ghost/activitypub/article/e2cfad55-6275-46e8-934f-7fee70fa79f5",
      "likeCount": 0,
      "likedByMe": false,
      "publishedAt": "2025-02-27T15:40:00.000Z",
      "readingTimeMinutes": 1,
      "replyCount": 0,
      "repostCount": 0,
      "repostedBy": null,
      "repostedByMe": true,
      "title": "Test Post 789 (reply to Test Post 123)",
      "type": 1,
      "url": "https://example.com/posts/789",
    },
  ],
}