{
  "apId": "https://eggs.food/.ghost/activitypub/users/index",
  "avatarUrl": "https://eggs.food/avatar/c4863565-3533-43fa-9991-19c5160a4da2.jpg",
  "bannerImageUrl": "",
  "bio": "Balbus clibanus bestia suppellex acies armarium.",
  "blockedByMe": false,
  "customFields": {},
  "domainBlockedByMe": false,
  "followedByMe": false,
  "followerCount": 0,
  "followingCount": 0,
  "followsMe": false,
  "handle": "@index@eggs.food",
  "id": 1,
  "likedCount": 0,
  "name": "Umerus casso venia bestia stultus colligo sonitus cohors.",
  "postCount": 0,
  "url": "https://eggs.food/",
}