{
  "avatarUrl": "Test site",
  "bannerImageUrl": "",
  "bio": "Test site",
  "blockedByMe": false,
  "blocksMe": false,
  "customFields": {},
  "followedByMe": false,
  "followerCount": 0,
  "followingCount": 0,
  "followsMe": false,
  "handle": "@index@example.com",
  "id": 1,
  "likedCount": 0,
  "name": "Test site",
  "postCount": 0,
  "url": "https://example.com",
}