[
  {
    "actor_avatar_url": null,
    "actor_id": 4,
    "actor_name": null,
    "actor_url": null,
    "actor_username": "dan",
    "in_reply_to_post_content": "",
    "in_reply_to_post_id": null,
    "in_reply_to_post_title": null,
    "in_reply_to_post_url": null,
    "notification_created_at": 2025-03-20T14:00:00.000Z,
    "notification_event_type": 4,
    "notification_id": 4,
    "post_content": "",
    "post_id": null,
    "post_title": null,
    "post_url": null,
  },
  {
    "actor_avatar_url": null,
    "actor_id": 2,
    "actor_name": null,
    "actor_url": null,
    "actor_username": "bob",
    "in_reply_to_post_content": "Velit culpa est amet nisi laboris aliqua cillum consectetur consequat duis excepteur esse non dolor irure.",
    "in_reply_to_post_id": 1,
    "in_reply_to_post_title": null,
    "in_reply_to_post_url": "http://alice.com/post/some-post",
    "notification_created_at": 2025-03-20T11:05:00.000Z,
    "notification_event_type": 3,
    "notification_id": 3,
    "post_content": "Nostrud incididunt pariatur non exercitation exercitation exercitation esse nulla enim consectetur qui ea.",
    "post_id": 2,
    "post_title": null,
    "post_url": "http://bob.com/post/some-reply",
  },
  {
    "actor_avatar_url": null,
    "actor_id": 3,
    "actor_name": null,
    "actor_url": null,
    "actor_username": "charlie",
    "in_reply_to_post_content": "",
    "in_reply_to_post_id": null,
    "in_reply_to_post_title": null,
    "in_reply_to_post_url": null,
    "notification_created_at": 2025-03-18T16:55:00.000Z,
    "notification_event_type": 2,
    "notification_id": 2,
    "post_content": "Velit culpa est amet nisi laboris aliqua cillum consectetur consequat duis excepteur esse non dolor irure.",
    "post_id": 1,
    "post_title": null,
    "post_url": "http://alice.com/post/some-post",
  },
  {
    "actor_avatar_url": null,
    "actor_id": 2,
    "actor_name": null,
    "actor_url": null,
    "actor_username": "bob",
    "in_reply_to_post_content": "",
    "in_reply_to_post_id": null,
    "in_reply_to_post_title": null,
    "in_reply_to_post_url": null,
    "notification_created_at": 2025-03-18T09:30:00.000Z,
    "notification_event_type": 1,
    "notification_id": 1,
    "post_content": "Velit culpa est amet nisi laboris aliqua cillum consectetur consequat duis excepteur esse non dolor irure.",
    "post_id": 1,
    "post_title": null,
    "post_url": "http://alice.com/post/some-post",
  },
]